I'm sorry, but errors were detected in your script. Please correct the
errors listed below, and try again.


File "game/script.rpy", line 81: expected 'image_name_component' not found.
    show "background.png":
         ^

Ren'Py Version: Ren'Py 7.3.2.320
Mon Sep 16 01:14:41 2019
